<?xml version="1.0" encoding="utf-8"?><testsuites name="pytest tests"><testsuite name="pytest" errors="0" failures="1" skipped="0" tests="3" time="0.028" timestamp="2026-03-28T11:27:43.682837-06:00" hostname="DESKTOP-5JDEQF9"><testcase classname="test.test_multiplicacion" name="test_multiplicar" time="0.000" /><testcase classname="test.test_suma" name="test_suma" time="0.000" /><testcase classname="test.test_suma" name="test_suma_fail" time="0.000"><failure message="assert 3 == 4&#10; +  where 3 = suma(1, 2)">def test_suma_fail():
&gt;       assert suma(1,2) == 4
E       assert 3 == 4
E        +  where 3 = suma(1, 2)

test/test_suma.py:14: AssertionError</failure></testcase></testsuite></testsuites>